<html>
<body>
<pre>
<h1>µVision Build Log</h1>
<h2>Tool Versions:</h2>
IDE-Version: µVision V5.15
Copyright (C) 2015 ARM Ltd and ARM Germany GmbH. All rights reserved.
License Information: Xi Fan, FSL, LIC=W9634-ZNV76-KX51N-G7R2R-VUYX7-SR4RH
 
Tool Versions:
Toolchain:       MDK-ARM Professional  Version: 5.15.0
Toolchain Path:  C:\Keil_v5\ARM\ARMCC\Bin
C Compiler:      Armcc.exe V5.05 update 2 (build 169)
Assembler:       Armasm.exe V5.05 update 2 (build 169)
Linker/Locator:  ArmLink.exe V5.05 update 2 (build 169)
Library Manager: ArmAr.exe V5.05 update 2 (build 169)
Hex Converter:   FromElf.exe V5.05 update 2 (build 169)
CPU DLL:         SARMCM3.DLL V5.15.0
Dialog DLL:      DARMCM1.DLL V1.12.0.0
Target DLL:      PEMicro\Pemicro_ArmCortexInterface.dll V1.11
Dialog DLL:      TARMCM1.DLL V1.9.0.0
 
<h2>Project:</h2>
C:\Users\B55335\Desktop\github\FRDM_KL03_SC\kl03_frdm_demo\build\keil\platinum\platinum.uvprojx
Project File Date:  12/30/2015

<h2>Output:</h2>
*** Using Compiler 'V5.05 update 2 (build 169)', folder: 'C:\Keil_v5\ARM\ARMCC\Bin'
Rebuild target 'KL02Z32-Flash'
compiling platinum.c...
assembling startup_MKL03Z4.s...
compiling uif.c...
compiling alloc.c...
compiling assert.c...
compiling io.c...
compiling memtest.c...
compiling queue.c...
compiling stdlib.c...
compiling nmi_isr_handler.c...
compiling start.c...
compiling sysinit.c...
compiling arm_cm0.c...
compiling uart.c...
compiling rcm.c...
compiling Retarget.c...
compiling Serial.c...
compiling mcg_lite.c...
compiling lptmr.c...
compiling hal_dev_mma8451.c...
compiling hal_i2c.c...
compiling smc.c...
linking...
Program Size: Code=5816 RO-data=224 RW-data=28 ZI-data=260  
FromELF: creating hex file...
After Build - User command #1: fromelf --m32combined --output=outfile.s19  platinum_Flash.axf
".\platinum_Flash.axf" - 0 Error(s), 0 Warning(s).

<h2>Collection of Component include folders:</h2>
  C:\Users\B55335\Desktop\github\FRDM_KL03_SC\kl03_frdm_demo\build\keil\platinum\RTE
  C:\Keil_v5\ARM\PACK\Keil\Kinetis_KLxx_DFP\1.7.0\Device\Include

<h2>Collection of Component Files used:</h2>
</pre>
</body>
</html>
