Component: ARM Compiler 5.05 update 2 (build 169) Tool: armlink [4d0f33]

==============================================================================

Section Cross References

    platinum.o(.text) refers to arm_cm0.o(.text) for enable_irq
    platinum.o(.text) refers to lptmr.o(.text) for lptmr_init
    platinum.o(.text) refers to hal_dev_mma8451.o(.text) for hal_dev_mma8451_init
    platinum.o(.text) refers to printf8.o(i.__0printf$8) for __2printf
    platinum.o(.text) refers to io.o(.text) for out_char
    platinum.o(.text) refers to platinum.o(.data) for .data
    startup_mkl03z4.o(RESET) refers to startup_mkl03z4.o(STACK) for __initial_sp
    startup_mkl03z4.o(RESET) refers to startup_mkl03z4.o(.text) for Reset_Handler
    startup_mkl03z4.o(RESET) refers to platinum.o(.text) for SysTick_Handler
    startup_mkl03z4.o(.text) refers to start.o(.text) for SystemInit
    startup_mkl03z4.o(.text) refers to entry.o(.ARM.Collect$$$$00000000) for __main
    uif.o(.text) refers to io.o(.text) for out_char
    uif.o(.text) refers to stdlib.o(.text) for strcpy
    uif.o(.text) refers to printf8.o(i.__0printf$8) for __2printf
    uif.o(.text) refers to uif.o(.bss) for .bss
    uif.o(.text) refers to uif.o(.constdata) for .constdata
    alloc.o(.text) refers to alloc.o(.data) for .data
    alloc.o(.text) refers to alloc.o(.bss) for .bss
    assert.o(.text) refers to printf8.o(i.__0printf$8) for __2printf
    assert.o(.text) refers to assert.o(.constdata) for .constdata
    io.o(.text) refers to uart.o(.text) for uart0_getchar
    start.o(.text) refers to start.o(i.__ARM_common_switch8) for __ARM_common_switch8
    start.o(.text) refers to printf8.o(i.__0printf$8) for __2printf
    start.o(.text) refers to sysinit.o(.text) for sysinit
    start.o(.text) refers to rcm.o(.text) for outSRS
    sysinit.o(.text) refers to mcg_lite.o(.text) for MCG_HIRC48
    sysinit.o(.text) refers to idiv.o(.text) for __aeabi_idivmod
    sysinit.o(.text) refers to uidiv.o(.text) for __aeabi_uidivmod
    sysinit.o(.text) refers to uart.o(.text) for uart0_init
    sysinit.o(.text) refers to sysinit.o(.data) for .data
    arm_cm0.o(.text) refers to printf8.o(i.__0printf$8) for __2printf
    uart.o(.text) refers to idiv.o(.text) for __aeabi_idivmod
    rcm.o(.text) refers to printf8.o(i.__0printf$8) for __2printf
    retarget.o(.text) refers to serial.o(.text) for SER_PutChar
    serial.o(.text) refers to uart.o(.text) for uart0_putchar
    lptmr.o(.text) refers to arm_cm0.o(.text) for enable_irq
    hal_dev_mma8451.o(.text) refers to hal_i2c.o(.text) for hal_i2c_init
    entry.o(.ARM.Collect$$$$00000000) refers (Special) to entry10a.o(.ARM.Collect$$$$0000000D) for __rt_final_cpp
    entry.o(.ARM.Collect$$$$00000000) refers (Special) to entry11a.o(.ARM.Collect$$$$0000000F) for __rt_final_exit
    entry.o(.ARM.Collect$$$$00000000) refers (Special) to entry7b.o(.ARM.Collect$$$$00000008) for _main_clock
    entry.o(.ARM.Collect$$$$00000000) refers (Special) to entry8b.o(.ARM.Collect$$$$0000000A) for _main_cpp_init
    entry.o(.ARM.Collect$$$$00000000) refers (Special) to entry9a.o(.ARM.Collect$$$$0000000B) for _main_init
    entry.o(.ARM.Collect$$$$00000000) refers (Special) to entry5.o(.ARM.Collect$$$$00000004) for _main_scatterload
    entry.o(.ARM.Collect$$$$00000000) refers (Special) to entry2.o(.ARM.Collect$$$$00000001) for _main_stk
    idiv.o(.text) refers to uidiv.o(.text) for __aeabi_uidivmod
    printfb.o(i.__0fprintf$bare) refers to printfb.o(i._printf_core) for _printf_core
    printfb.o(i.__0fprintf$bare) refers to retarget.o(.text) for fputc
    printfb.o(i.__0printf$bare) refers to printfb.o(i._printf_core) for _printf_core
    printfb.o(i.__0printf$bare) refers to retarget.o(.text) for fputc
    printfb.o(i.__0printf$bare) refers to retarget.o(.data) for __stdout
    printfb.o(i.__0snprintf$bare) refers to printfb.o(i._printf_core) for _printf_core
    printfb.o(i.__0snprintf$bare) refers to printfb.o(i._snputc) for _snputc
    printfb.o(i.__0sprintf$bare) refers to printfb.o(i._printf_core) for _printf_core
    printfb.o(i.__0sprintf$bare) refers to printfb.o(i._sputc) for _sputc
    printfb.o(i.__0vfprintf$bare) refers to printfb.o(i._printf_core) for _printf_core
    printfb.o(i.__0vfprintf$bare) refers to retarget.o(.text) for fputc
    printfb.o(i.__0vprintf$bare) refers to printfb.o(i._printf_core) for _printf_core
    printfb.o(i.__0vprintf$bare) refers to retarget.o(.text) for fputc
    printfb.o(i.__0vprintf$bare) refers to retarget.o(.data) for __stdout
    printfb.o(i.__0vsnprintf$bare) refers to printfb.o(i._printf_core) for _printf_core
    printfb.o(i.__0vsnprintf$bare) refers to printfb.o(i._snputc) for _snputc
    printfb.o(i.__0vsprintf$bare) refers to printfb.o(i._printf_core) for _printf_core
    printfb.o(i.__0vsprintf$bare) refers to printfb.o(i._sputc) for _sputc
    printf0.o(i.__0fprintf$0) refers to printf0.o(i._printf_core) for _printf_core
    printf0.o(i.__0fprintf$0) refers to retarget.o(.text) for fputc
    printf0.o(i.__0printf$0) refers to printf0.o(i._printf_core) for _printf_core
    printf0.o(i.__0printf$0) refers to retarget.o(.text) for fputc
    printf0.o(i.__0printf$0) refers to retarget.o(.data) for __stdout
    printf0.o(i.__0snprintf$0) refers to printf0.o(i._printf_core) for _printf_core
    printf0.o(i.__0snprintf$0) refers to printf0.o(i._snputc) for _snputc
    printf0.o(i.__0sprintf$0) refers to printf0.o(i._printf_core) for _printf_core
    printf0.o(i.__0sprintf$0) refers to printf0.o(i._sputc) for _sputc
    printf0.o(i.__0vfprintf$0) refers to printf0.o(i._printf_core) for _printf_core
    printf0.o(i.__0vfprintf$0) refers to retarget.o(.text) for fputc
    printf0.o(i.__0vprintf$0) refers to printf0.o(i._printf_core) for _printf_core
    printf0.o(i.__0vprintf$0) refers to retarget.o(.text) for fputc
    printf0.o(i.__0vprintf$0) refers to retarget.o(.data) for __stdout
    printf0.o(i.__0vsnprintf$0) refers to printf0.o(i._printf_core) for _printf_core
    printf0.o(i.__0vsnprintf$0) refers to printf0.o(i._snputc) for _snputc
    printf0.o(i.__0vsprintf$0) refers to printf0.o(i._printf_core) for _printf_core
    printf0.o(i.__0vsprintf$0) refers to printf0.o(i._sputc) for _sputc
    printf1.o(i.__0fprintf$1) refers to printf1.o(i._printf_core) for _printf_core
    printf1.o(i.__0fprintf$1) refers to retarget.o(.text) for fputc
    printf1.o(i.__0printf$1) refers to printf1.o(i._printf_core) for _printf_core
    printf1.o(i.__0printf$1) refers to retarget.o(.text) for fputc
    printf1.o(i.__0printf$1) refers to retarget.o(.data) for __stdout
    printf1.o(i.__0snprintf$1) refers to printf1.o(i._printf_core) for _printf_core
    printf1.o(i.__0snprintf$1) refers to printf1.o(i._snputc) for _snputc
    printf1.o(i.__0sprintf$1) refers to printf1.o(i._printf_core) for _printf_core
    printf1.o(i.__0sprintf$1) refers to printf1.o(i._sputc) for _sputc
    printf1.o(i.__0vfprintf$1) refers to printf1.o(i._printf_core) for _printf_core
    printf1.o(i.__0vfprintf$1) refers to retarget.o(.text) for fputc
    printf1.o(i.__0vprintf$1) refers to printf1.o(i._printf_core) for _printf_core
    printf1.o(i.__0vprintf$1) refers to retarget.o(.text) for fputc
    printf1.o(i.__0vprintf$1) refers to retarget.o(.data) for __stdout
    printf1.o(i.__0vsnprintf$1) refers to printf1.o(i._printf_core) for _printf_core
    printf1.o(i.__0vsnprintf$1) refers to printf1.o(i._snputc) for _snputc
    printf1.o(i.__0vsprintf$1) refers to printf1.o(i._printf_core) for _printf_core
    printf1.o(i.__0vsprintf$1) refers to printf1.o(i._sputc) for _sputc
    printf1.o(i._printf_core) refers to uidiv.o(.text) for __aeabi_uidivmod
    printf2.o(i.__0fprintf$2) refers to printf2.o(i._printf_core) for _printf_core
    printf2.o(i.__0fprintf$2) refers to retarget.o(.text) for fputc
    printf2.o(i.__0printf$2) refers to printf2.o(i._printf_core) for _printf_core
    printf2.o(i.__0printf$2) refers to retarget.o(.text) for fputc
    printf2.o(i.__0printf$2) refers to retarget.o(.data) for __stdout
    printf2.o(i.__0snprintf$2) refers to printf2.o(i._printf_core) for _printf_core
    printf2.o(i.__0snprintf$2) refers to printf2.o(i._snputc) for _snputc
    printf2.o(i.__0sprintf$2) refers to printf2.o(i._printf_core) for _printf_core
    printf2.o(i.__0sprintf$2) refers to printf2.o(i._sputc) for _sputc
    printf2.o(i.__0vfprintf$2) refers to printf2.o(i._printf_core) for _printf_core
    printf2.o(i.__0vfprintf$2) refers to retarget.o(.text) for fputc
    printf2.o(i.__0vprintf$2) refers to printf2.o(i._printf_core) for _printf_core
    printf2.o(i.__0vprintf$2) refers to retarget.o(.text) for fputc
    printf2.o(i.__0vprintf$2) refers to retarget.o(.data) for __stdout
    printf2.o(i.__0vsnprintf$2) refers to printf2.o(i._printf_core) for _printf_core
    printf2.o(i.__0vsnprintf$2) refers to printf2.o(i._snputc) for _snputc
    printf2.o(i.__0vsprintf$2) refers to printf2.o(i._printf_core) for _printf_core
    printf2.o(i.__0vsprintf$2) refers to printf2.o(i._sputc) for _sputc
    printf3.o(i.__0fprintf$3) refers to printf3.o(i._printf_core) for _printf_core
    printf3.o(i.__0fprintf$3) refers to retarget.o(.text) for fputc
    printf3.o(i.__0printf$3) refers to printf3.o(i._printf_core) for _printf_core
    printf3.o(i.__0printf$3) refers to retarget.o(.text) for fputc
    printf3.o(i.__0printf$3) refers to retarget.o(.data) for __stdout
    printf3.o(i.__0snprintf$3) refers to printf3.o(i._printf_core) for _printf_core
    printf3.o(i.__0snprintf$3) refers to printf3.o(i._snputc) for _snputc
    printf3.o(i.__0sprintf$3) refers to printf3.o(i._printf_core) for _printf_core
    printf3.o(i.__0sprintf$3) refers to printf3.o(i._sputc) for _sputc
    printf3.o(i.__0vfprintf$3) refers to printf3.o(i._printf_core) for _printf_core
    printf3.o(i.__0vfprintf$3) refers to retarget.o(.text) for fputc
    printf3.o(i.__0vprintf$3) refers to printf3.o(i._printf_core) for _printf_core
    printf3.o(i.__0vprintf$3) refers to retarget.o(.text) for fputc
    printf3.o(i.__0vprintf$3) refers to retarget.o(.data) for __stdout
    printf3.o(i.__0vsnprintf$3) refers to printf3.o(i._printf_core) for _printf_core
    printf3.o(i.__0vsnprintf$3) refers to printf3.o(i._snputc) for _snputc
    printf3.o(i.__0vsprintf$3) refers to printf3.o(i._printf_core) for _printf_core
    printf3.o(i.__0vsprintf$3) refers to printf3.o(i._sputc) for _sputc
    printf3.o(i._printf_core) refers to uidiv.o(.text) for __aeabi_uidivmod
    printf4.o(i.__0fprintf$4) refers to printf4.o(i._printf_core) for _printf_core
    printf4.o(i.__0fprintf$4) refers to retarget.o(.text) for fputc
    printf4.o(i.__0printf$4) refers to printf4.o(i._printf_core) for _printf_core
    printf4.o(i.__0printf$4) refers to retarget.o(.text) for fputc
    printf4.o(i.__0printf$4) refers to retarget.o(.data) for __stdout
    printf4.o(i.__0snprintf$4) refers to printf4.o(i._printf_core) for _printf_core
    printf4.o(i.__0snprintf$4) refers to printf4.o(i._snputc) for _snputc
    printf4.o(i.__0sprintf$4) refers to printf4.o(i._printf_core) for _printf_core
    printf4.o(i.__0sprintf$4) refers to printf4.o(i._sputc) for _sputc
    printf4.o(i.__0vfprintf$4) refers to printf4.o(i._printf_core) for _printf_core
    printf4.o(i.__0vfprintf$4) refers to retarget.o(.text) for fputc
    printf4.o(i.__0vprintf$4) refers to printf4.o(i._printf_core) for _printf_core
    printf4.o(i.__0vprintf$4) refers to retarget.o(.text) for fputc
    printf4.o(i.__0vprintf$4) refers to retarget.o(.data) for __stdout
    printf4.o(i.__0vsnprintf$4) refers to printf4.o(i._printf_core) for _printf_core
    printf4.o(i.__0vsnprintf$4) refers to printf4.o(i._snputc) for _snputc
    printf4.o(i.__0vsprintf$4) refers to printf4.o(i._printf_core) for _printf_core
    printf4.o(i.__0vsprintf$4) refers to printf4.o(i._sputc) for _sputc
    printf4.o(i._printf_core) refers to uldiv.o(.text) for __aeabi_uldivmod
    printf5.o(i.__0fprintf$5) refers to printf5.o(i._printf_core) for _printf_core
    printf5.o(i.__0fprintf$5) refers to retarget.o(.text) for fputc
    printf5.o(i.__0printf$5) refers to printf5.o(i._printf_core) for _printf_core
    printf5.o(i.__0printf$5) refers to retarget.o(.text) for fputc
    printf5.o(i.__0printf$5) refers to retarget.o(.data) for __stdout
    printf5.o(i.__0snprintf$5) refers to printf5.o(i._printf_core) for _printf_core
    printf5.o(i.__0snprintf$5) refers to printf5.o(i._snputc) for _snputc
    printf5.o(i.__0sprintf$5) refers to printf5.o(i._printf_core) for _printf_core
    printf5.o(i.__0sprintf$5) refers to printf5.o(i._sputc) for _sputc
    printf5.o(i.__0vfprintf$5) refers to printf5.o(i._printf_core) for _printf_core
    printf5.o(i.__0vfprintf$5) refers to retarget.o(.text) for fputc
    printf5.o(i.__0vprintf$5) refers to printf5.o(i._printf_core) for _printf_core
    printf5.o(i.__0vprintf$5) refers to retarget.o(.text) for fputc
    printf5.o(i.__0vprintf$5) refers to retarget.o(.data) for __stdout
    printf5.o(i.__0vsnprintf$5) refers to printf5.o(i._printf_core) for _printf_core
    printf5.o(i.__0vsnprintf$5) refers to printf5.o(i._snputc) for _snputc
    printf5.o(i.__0vsprintf$5) refers to printf5.o(i._printf_core) for _printf_core
    printf5.o(i.__0vsprintf$5) refers to printf5.o(i._sputc) for _sputc
    printf5.o(i._printf_core) refers to uldiv.o(.text) for __aeabi_uldivmod
    printf6.o(i.__0fprintf$6) refers to printf6.o(i._printf_core) for _printf_core
    printf6.o(i.__0fprintf$6) refers to retarget.o(.text) for fputc
    printf6.o(i.__0printf$6) refers to printf6.o(i._printf_core) for _printf_core
    printf6.o(i.__0printf$6) refers to retarget.o(.text) for fputc
    printf6.o(i.__0printf$6) refers to retarget.o(.data) for __stdout
    printf6.o(i.__0snprintf$6) refers to printf6.o(i._printf_core) for _printf_core
    printf6.o(i.__0snprintf$6) refers to printf6.o(i._snputc) for _snputc
    printf6.o(i.__0sprintf$6) refers to printf6.o(i._printf_core) for _printf_core
    printf6.o(i.__0sprintf$6) refers to printf6.o(i._sputc) for _sputc
    printf6.o(i.__0vfprintf$6) refers to printf6.o(i._printf_core) for _printf_core
    printf6.o(i.__0vfprintf$6) refers to retarget.o(.text) for fputc
    printf6.o(i.__0vprintf$6) refers to printf6.o(i._printf_core) for _printf_core
    printf6.o(i.__0vprintf$6) refers to retarget.o(.text) for fputc
    printf6.o(i.__0vprintf$6) refers to retarget.o(.data) for __stdout
    printf6.o(i.__0vsnprintf$6) refers to printf6.o(i._printf_core) for _printf_core
    printf6.o(i.__0vsnprintf$6) refers to printf6.o(i._snputc) for _snputc
    printf6.o(i.__0vsprintf$6) refers to printf6.o(i._printf_core) for _printf_core
    printf6.o(i.__0vsprintf$6) refers to printf6.o(i._sputc) for _sputc
    printf6.o(i._printf_core) refers to printf6.o(i._printf_pre_padding) for _printf_pre_padding
    printf6.o(i._printf_core) refers to printf6.o(i._printf_post_padding) for _printf_post_padding
    printf6.o(i._printf_core) refers to uidiv.o(.text) for __aeabi_uidivmod
    printf7.o(i.__0fprintf$7) refers to printf7.o(i._printf_core) for _printf_core
    printf7.o(i.__0fprintf$7) refers to retarget.o(.text) for fputc
    printf7.o(i.__0printf$7) refers to printf7.o(i._printf_core) for _printf_core
    printf7.o(i.__0printf$7) refers to retarget.o(.text) for fputc
    printf7.o(i.__0printf$7) refers to retarget.o(.data) for __stdout
    printf7.o(i.__0snprintf$7) refers to printf7.o(i._printf_core) for _printf_core
    printf7.o(i.__0snprintf$7) refers to printf7.o(i._snputc) for _snputc
    printf7.o(i.__0sprintf$7) refers to printf7.o(i._printf_core) for _printf_core
    printf7.o(i.__0sprintf$7) refers to printf7.o(i._sputc) for _sputc
    printf7.o(i.__0vfprintf$7) refers to printf7.o(i._printf_core) for _printf_core
    printf7.o(i.__0vfprintf$7) refers to retarget.o(.text) for fputc
    printf7.o(i.__0vprintf$7) refers to printf7.o(i._printf_core) for _printf_core
    printf7.o(i.__0vprintf$7) refers to retarget.o(.text) for fputc
    printf7.o(i.__0vprintf$7) refers to retarget.o(.data) for __stdout
    printf7.o(i.__0vsnprintf$7) refers to printf7.o(i._printf_core) for _printf_core
    printf7.o(i.__0vsnprintf$7) refers to printf7.o(i._snputc) for _snputc
    printf7.o(i.__0vsprintf$7) refers to printf7.o(i._printf_core) for _printf_core
    printf7.o(i.__0vsprintf$7) refers to printf7.o(i._sputc) for _sputc
    printf7.o(i._printf_core) refers to printf7.o(i._printf_pre_padding) for _printf_pre_padding
    printf7.o(i._printf_core) refers to printf7.o(i._printf_post_padding) for _printf_post_padding
    printf7.o(i._printf_core) refers to uldiv.o(.text) for __aeabi_uldivmod
    printf8.o(i.__0fprintf$8) refers to printf8.o(i._printf_core) for _printf_core
    printf8.o(i.__0fprintf$8) refers to retarget.o(.text) for fputc
    printf8.o(i.__0printf$8) refers to printf8.o(i._printf_core) for _printf_core
    printf8.o(i.__0printf$8) refers to retarget.o(.text) for fputc
    printf8.o(i.__0printf$8) refers to retarget.o(.data) for __stdout
    printf8.o(i.__0snprintf$8) refers to printf8.o(i._printf_core) for _printf_core
    printf8.o(i.__0snprintf$8) refers to printf8.o(i._snputc) for _snputc
    printf8.o(i.__0sprintf$8) refers to printf8.o(i._printf_core) for _printf_core
    printf8.o(i.__0sprintf$8) refers to printf8.o(i._sputc) for _sputc
    printf8.o(i.__0vfprintf$8) refers to printf8.o(i._printf_core) for _printf_core
    printf8.o(i.__0vfprintf$8) refers to retarget.o(.text) for fputc
    printf8.o(i.__0vprintf$8) refers to printf8.o(i._printf_core) for _printf_core
    printf8.o(i.__0vprintf$8) refers to retarget.o(.text) for fputc
    printf8.o(i.__0vprintf$8) refers to retarget.o(.data) for __stdout
    printf8.o(i.__0vsnprintf$8) refers to printf8.o(i._printf_core) for _printf_core
    printf8.o(i.__0vsnprintf$8) refers to printf8.o(i._snputc) for _snputc
    printf8.o(i.__0vsprintf$8) refers to printf8.o(i._printf_core) for _printf_core
    printf8.o(i.__0vsprintf$8) refers to printf8.o(i._sputc) for _sputc
    printf8.o(i._printf_core) refers to printf8.o(i._printf_pre_padding) for _printf_pre_padding
    printf8.o(i._printf_core) refers to printf8.o(i._printf_post_padding) for _printf_post_padding
    printf8.o(i._printf_core) refers to uldiv.o(.text) for __aeabi_uldivmod
    printfa.o(i.__0fprintf) refers (Special) to iusefp.o(.text) for __I$use$fp
    printfa.o(i.__0fprintf) refers to printfa.o(i._printf_core) for _printf_core
    printfa.o(i.__0fprintf) refers to retarget.o(.text) for fputc
    printfa.o(i.__0printf) refers (Special) to iusefp.o(.text) for __I$use$fp
    printfa.o(i.__0printf) refers to printfa.o(i._printf_core) for _printf_core
    printfa.o(i.__0printf) refers to retarget.o(.text) for fputc
    printfa.o(i.__0printf) refers to retarget.o(.data) for __stdout
    printfa.o(i.__0snprintf) refers (Special) to iusefp.o(.text) for __I$use$fp
    printfa.o(i.__0snprintf) refers to printfa.o(i._printf_core) for _printf_core
    printfa.o(i.__0snprintf) refers to printfa.o(i._snputc) for _snputc
    printfa.o(i.__0sprintf) refers (Special) to iusefp.o(.text) for __I$use$fp
    printfa.o(i.__0sprintf) refers to printfa.o(i._printf_core) for _printf_core
    printfa.o(i.__0sprintf) refers to printfa.o(i._sputc) for _sputc
    printfa.o(i.__0vfprintf) refers (Special) to iusefp.o(.text) for __I$use$fp
    printfa.o(i.__0vfprintf) refers to printfa.o(i._printf_core) for _printf_core
    printfa.o(i.__0vfprintf) refers to retarget.o(.text) for fputc
    printfa.o(i.__0vprintf) refers (Special) to iusefp.o(.text) for __I$use$fp
    printfa.o(i.__0vprintf) refers to printfa.o(i._printf_core) for _printf_core
    printfa.o(i.__0vprintf) refers to retarget.o(.text) for fputc
    printfa.o(i.__0vprintf) refers to retarget.o(.data) for __stdout
    printfa.o(i.__0vsnprintf) refers (Special) to iusefp.o(.text) for __I$use$fp
    printfa.o(i.__0vsnprintf) refers to printfa.o(i._printf_core) for _printf_core
    printfa.o(i.__0vsnprintf) refers to printfa.o(i._snputc) for _snputc
    printfa.o(i.__0vsprintf) refers (Special) to iusefp.o(.text) for __I$use$fp
    printfa.o(i.__0vsprintf) refers to printfa.o(i._printf_core) for _printf_core
    printfa.o(i.__0vsprintf) refers to printfa.o(i._sputc) for _sputc
    printfa.o(i._fp_digits) refers (Special) to iusefp.o(.text) for __I$use$fp
    printfa.o(i._fp_digits) refers to dmul.o(.text) for __aeabi_dmul
    printfa.o(i._fp_digits) refers to ddiv.o(.text) for __aeabi_ddiv
    printfa.o(i._fp_digits) refers to cdrcmple.o(.text) for __aeabi_cdrcmple
    printfa.o(i._fp_digits) refers to dadd.o(.text) for __aeabi_dadd
    printfa.o(i._fp_digits) refers to dfixul.o(.text) for __aeabi_d2ulz
    printfa.o(i._fp_digits) refers to uldiv.o(.text) for __aeabi_uldivmod
    printfa.o(i._printf_core) refers (Special) to iusefp.o(.text) for __I$use$fp
    printfa.o(i._printf_core) refers to printfa.o(i._printf_pre_padding) for _printf_pre_padding
    printfa.o(i._printf_core) refers to uldiv.o(.text) for __aeabi_uldivmod
    printfa.o(i._printf_core) refers to printfa.o(i._printf_post_padding) for _printf_post_padding
    printfa.o(i._printf_core) refers to printfa.o(i._fp_digits) for _fp_digits
    printfa.o(i._printf_core) refers to uidiv.o(.text) for __aeabi_uidivmod
    printfa.o(i._printf_post_padding) refers (Special) to iusefp.o(.text) for __I$use$fp
    printfa.o(i._printf_pre_padding) refers (Special) to iusefp.o(.text) for __I$use$fp
    printfa.o(i._snputc) refers (Special) to iusefp.o(.text) for __I$use$fp
    printfa.o(i._sputc) refers (Special) to iusefp.o(.text) for __I$use$fp
    entry2.o(.ARM.Collect$$$$00000001) refers to entry2.o(.ARM.Collect$$$$00002712) for __lit__00000000
    entry2.o(.ARM.Collect$$$$00002712) refers to startup_mkl03z4.o(STACK) for __initial_sp
    entry2.o(__vectab_stack_and_reset_area) refers to startup_mkl03z4.o(STACK) for __initial_sp
    entry2.o(__vectab_stack_and_reset_area) refers to entry.o(.ARM.Collect$$$$00000000) for __main
    entry5.o(.ARM.Collect$$$$00000004) refers to init.o(.text) for __scatterload
    entry9a.o(.ARM.Collect$$$$0000000B) refers to platinum.o(.text) for main
    entry9b.o(.ARM.Collect$$$$0000000C) refers to platinum.o(.text) for main
    uldiv.o(.text) refers to llushr.o(.text) for __aeabi_llsr
    uldiv.o(.text) refers to llshl.o(.text) for __aeabi_llsl
    dadd.o(.text) refers to llshl.o(.text) for __aeabi_llsl
    dadd.o(.text) refers to llsshr.o(.text) for __aeabi_lasr
    dadd.o(.text) refers to depilogue.o(.text) for _double_epilogue
    dmul.o(.text) refers to depilogue.o(.text) for _double_epilogue
    ddiv.o(.text) refers to depilogue.o(.text) for _double_round
    dfixul.o(.text) refers to llushr.o(.text) for __aeabi_llsr
    dfixul.o(.text) refers to llshl.o(.text) for __aeabi_llsl
    init.o(.text) refers to entry5.o(.ARM.Collect$$$$00000004) for __main_after_scatterload
    depilogue.o(.text) refers to depilogue.o(i.__ARM_clz) for __ARM_clz
    depilogue.o(.text) refers to llshl.o(.text) for __aeabi_llsl
    depilogue.o(.text) refers to llushr.o(.text) for __aeabi_llsr


==============================================================================

Removing Unused input sections from the image.

    Removing platinum.o(.data), (1 bytes).
    Removing startup_mkl03z4.o(HEAP), (0 bytes).
    Removing uif.o(.text), (860 bytes).
    Removing uif.o(.bss), (160 bytes).
    Removing uif.o(.constdata), (232 bytes).
    Removing uif.o(.constdata), (26 bytes).
    Removing alloc.o(.text), (188 bytes).
    Removing alloc.o(.bss), (16 bytes).
    Removing alloc.o(.data), (4 bytes).
    Removing assert.o(.text), (36 bytes).
    Removing assert.o(.constdata), (35 bytes).
    Removing memtest.o(.text), (208 bytes).
    Removing queue.o(.text), (92 bytes).
    Removing stdlib.o(.text), (708 bytes).
    Removing nmi_isr_handler.o(.text), (72 bytes).
    Removing sysinit.o(.data), (4 bytes).
    Removing retarget.o(.data), (4 bytes).
    Removing smc.o(.text), (596 bytes).
    Removing dadd.o(.text), (356 bytes).
    Removing dmul.o(.text), (208 bytes).
    Removing ddiv.o(.text), (240 bytes).
    Removing dfixul.o(.text), (64 bytes).
    Removing cdrcmple.o(.text), (40 bytes).
    Removing depilogue.o(.text), (190 bytes).
    Removing depilogue.o(i.__ARM_clz), (46 bytes).

25 unused section(s) (total 4386 bytes) removed from the image.

==============================================================================

Image Symbol Table

    Local Symbols

    Symbol Name                              Value     Ov Type        Size  Object(Section)

    RESET                                    0x00000000   Section      192  startup_mkl03z4.o(RESET)
    ../clib/microlib/division.c              0x00000000   Number         0  idiv.o ABSOLUTE
    ../clib/microlib/division.c              0x00000000   Number         0  uldiv.o ABSOLUTE
    ../clib/microlib/division.c              0x00000000   Number         0  uidiv.o ABSOLUTE
    ../clib/microlib/init/entry.s            0x00000000   Number         0  entry8b.o ABSOLUTE
    ../clib/microlib/init/entry.s            0x00000000   Number         0  entry8a.o ABSOLUTE
    ../clib/microlib/init/entry.s            0x00000000   Number         0  entry7b.o ABSOLUTE
    ../clib/microlib/init/entry.s            0x00000000   Number         0  entry7a.o ABSOLUTE
    ../clib/microlib/init/entry.s            0x00000000   Number         0  entry5.o ABSOLUTE
    ../clib/microlib/init/entry.s            0x00000000   Number         0  entry2.o ABSOLUTE
    ../clib/microlib/init/entry.s            0x00000000   Number         0  entry9a.o ABSOLUTE
    ../clib/microlib/init/entry.s            0x00000000   Number         0  entry11b.o ABSOLUTE
    ../clib/microlib/init/entry.s            0x00000000   Number         0  entry11a.o ABSOLUTE
    ../clib/microlib/init/entry.s            0x00000000   Number         0  entry.o ABSOLUTE
    ../clib/microlib/init/entry.s            0x00000000   Number         0  entry10b.o ABSOLUTE
    ../clib/microlib/init/entry.s            0x00000000   Number         0  entry10a.o ABSOLUTE
    ../clib/microlib/init/entry.s            0x00000000   Number         0  entry9b.o ABSOLUTE
    ../clib/microlib/longlong.c              0x00000000   Number         0  llsshr.o ABSOLUTE
    ../clib/microlib/longlong.c              0x00000000   Number         0  llushr.o ABSOLUTE
    ../clib/microlib/longlong.c              0x00000000   Number         0  llshl.o ABSOLUTE
    ../clib/microlib/printf/printf.c         0x00000000   Number         0  printf4.o ABSOLUTE
    ../clib/microlib/printf/printf.c         0x00000000   Number         0  printfa.o ABSOLUTE
    ../clib/microlib/printf/printf.c         0x00000000   Number         0  printf8.o ABSOLUTE
    ../clib/microlib/printf/printf.c         0x00000000   Number         0  printf7.o ABSOLUTE
    ../clib/microlib/printf/printf.c         0x00000000   Number         0  printf6.o ABSOLUTE
    ../clib/microlib/printf/printf.c         0x00000000   Number         0  printfb.o ABSOLUTE
    ../clib/microlib/printf/printf.c         0x00000000   Number         0  printf0.o ABSOLUTE
    ../clib/microlib/printf/printf.c         0x00000000   Number         0  printf1.o ABSOLUTE
    ../clib/microlib/printf/printf.c         0x00000000   Number         0  printf2.o ABSOLUTE
    ../clib/microlib/printf/printf.c         0x00000000   Number         0  printf3.o ABSOLUTE
    ../clib/microlib/printf/printf.c         0x00000000   Number         0  printf5.o ABSOLUTE
    ../clib/microlib/printf/stubs.s          0x00000000   Number         0  stubs.o ABSOLUTE
    ../clib/microlib/stubs.s                 0x00000000   Number         0  useno.o ABSOLUTE
    ../clib/microlib/stubs.s                 0x00000000   Number         0  iusefp.o ABSOLUTE
    ../fplib/microlib/fpadd.c                0x00000000   Number         0  dadd.o ABSOLUTE
    ../fplib/microlib/fpdiv.c                0x00000000   Number         0  ddiv.o ABSOLUTE
    ../fplib/microlib/fpepilogue.c           0x00000000   Number         0  depilogue.o ABSOLUTE
    ../fplib/microlib/fpfix.c                0x00000000   Number         0  dfixul.o ABSOLUTE
    ../fplib/microlib/fpmul.c                0x00000000   Number         0  dmul.o ABSOLUTE
    ..\..\..\src\common\alloc.c              0x00000000   Number         0  alloc.o ABSOLUTE
    ..\..\..\src\common\assert.c             0x00000000   Number         0  assert.o ABSOLUTE
    ..\..\..\src\common\io.c                 0x00000000   Number         0  io.o ABSOLUTE
    ..\..\..\src\common\memtest.c            0x00000000   Number         0  memtest.o ABSOLUTE
    ..\..\..\src\common\queue.c              0x00000000   Number         0  queue.o ABSOLUTE
    ..\..\..\src\common\stdlib.c             0x00000000   Number         0  stdlib.o ABSOLUTE
    ..\..\..\src\common\uif.c                0x00000000   Number         0  uif.o ABSOLUTE
    ..\..\..\src\cpu\arm_cm0.c               0x00000000   Number         0  arm_cm0.o ABSOLUTE
    ..\..\..\src\cpu\nmi_isr_handler.c       0x00000000   Number         0  nmi_isr_handler.o ABSOLUTE
    ..\..\..\src\cpu\start.c                 0x00000000   Number         0  start.o ABSOLUTE
    ..\..\..\src\cpu\sysinit.c               0x00000000   Number         0  sysinit.o ABSOLUTE
    ..\..\..\src\drivers\I2C\hal_dev_mma8451.c 0x00000000   Number         0  hal_dev_mma8451.o ABSOLUTE
    ..\..\..\src\drivers\I2C\hal_i2c.c       0x00000000   Number         0  hal_i2c.o ABSOLUTE
    ..\..\..\src\drivers\lptmr\lptmr.c       0x00000000   Number         0  lptmr.o ABSOLUTE
    ..\..\..\src\drivers\mcg\mcg_lite.c      0x00000000   Number         0  mcg_lite.o ABSOLUTE
    ..\..\..\src\drivers\rcm\rcm.c           0x00000000   Number         0  rcm.o ABSOLUTE
    ..\..\..\src\drivers\smc\smc.c           0x00000000   Number         0  smc.o ABSOLUTE
    ..\..\..\src\drivers\uart\Retarget.c     0x00000000   Number         0  retarget.o ABSOLUTE
    ..\..\..\src\drivers\uart\Serial.c       0x00000000   Number         0  serial.o ABSOLUTE
    ..\..\..\src\drivers\uart\uart.c         0x00000000   Number         0  uart.o ABSOLUTE
    ..\..\..\src\projects\platinum\platinum.c 0x00000000   Number         0  platinum.o ABSOLUTE
    ..\startup_s\startup_MKL03Z4.s           0x00000000   Number         0  startup_mkl03z4.o ABSOLUTE
    cdrcmple.s                               0x00000000   Number         0  cdrcmple.o ABSOLUTE
    dc.s                                     0x00000000   Number         0  dc.o ABSOLUTE
    handlers.s                               0x00000000   Number         0  handlers.o ABSOLUTE
    init.s                                   0x00000000   Number         0  init.o ABSOLUTE
    .ARM.Collect$$$$00000000                 0x000000c0   Section        0  entry.o(.ARM.Collect$$$$00000000)
    .ARM.Collect$$$$00000001                 0x000000c0   Section        4  entry2.o(.ARM.Collect$$$$00000001)
    .ARM.Collect$$$$00000004                 0x000000c4   Section        4  entry5.o(.ARM.Collect$$$$00000004)
    .ARM.Collect$$$$00000008                 0x000000c8   Section        0  entry7b.o(.ARM.Collect$$$$00000008)
    .ARM.Collect$$$$0000000A                 0x000000c8   Section        0  entry8b.o(.ARM.Collect$$$$0000000A)
    .ARM.Collect$$$$0000000B                 0x000000c8   Section        8  entry9a.o(.ARM.Collect$$$$0000000B)
    .ARM.Collect$$$$0000000D                 0x000000d0   Section        0  entry10a.o(.ARM.Collect$$$$0000000D)
    .ARM.Collect$$$$0000000F                 0x000000d0   Section        0  entry11a.o(.ARM.Collect$$$$0000000F)
    .ARM.Collect$$$$00002712                 0x000000d0   Section        4  entry2.o(.ARM.Collect$$$$00002712)
    __lit__00000000                          0x000000d0   Data           4  entry2.o(.ARM.Collect$$$$00002712)
    .text                                    0x000000d4   Section        0  platinum.o(.text)
    .text                                    0x0000030c   Section       40  startup_mkl03z4.o(.text)
    .text                                    0x00000334   Section        0  io.o(.text)
    .text                                    0x00000358   Section        0  sysinit.o(.text)
    i.__scatterload_null                     0x000003fc   Section        2  handlers.o(i.__scatterload_null)
    .ARM.__at_0x400                          0x00000400   Section       16  startup_mkl03z4.o(.ARM.__at_0x400)
    .text                                    0x00000410   Section        0  start.o(.text)
    .text                                    0x0000095c   Section        0  arm_cm0.o(.text)
    .text                                    0x00000b0c   Section        0  uart.o(.text)
    .text                                    0x00000b78   Section        0  rcm.o(.text)
    .text                                    0x00000eac   Section        0  retarget.o(.text)
    .text                                    0x00000edc   Section        0  serial.o(.text)
    .text                                    0x00000efc   Section        0  mcg_lite.o(.text)
    .text                                    0x00000f34   Section        0  lptmr.o(.text)
    .text                                    0x00000fa4   Section        0  hal_dev_mma8451.o(.text)
    pause                                    0x000010b9   Thumb Code    12  hal_dev_mma8451.o(.text)
    .text                                    0x000010c8   Section        0  hal_i2c.o(.text)
    .text                                    0x00001190   Section        0  uidiv.o(.text)
    .text                                    0x000011bc   Section        0  idiv.o(.text)
    .text                                    0x000011e4   Section        0  uldiv.o(.text)
    .text                                    0x00001244   Section       36  init.o(.text)
    .text                                    0x00001268   Section        0  llshl.o(.text)
    .text                                    0x00001288   Section        0  llushr.o(.text)
    i.__0printf$8                            0x000012ac   Section        0  printf8.o(i.__0printf$8)
    i.__ARM_common_switch8                   0x000012cc   Section        0  start.o(i.__ARM_common_switch8)
    i.__scatterload_copy                     0x000012e6   Section       14  handlers.o(i.__scatterload_copy)
    i.__scatterload_zeroinit                 0x000012f4   Section       14  handlers.o(i.__scatterload_zeroinit)
    i._printf_core                           0x00001304   Section        0  printf8.o(i._printf_core)
    _printf_core                             0x00001305   Thumb Code  1020  printf8.o(i._printf_core)
    i._printf_post_padding                   0x0000172c   Section        0  printf8.o(i._printf_post_padding)
    _printf_post_padding                     0x0000172d   Thumb Code    32  printf8.o(i._printf_post_padding)
    i._printf_pre_padding                    0x0000174c   Section        0  printf8.o(i._printf_pre_padding)
    _printf_pre_padding                      0x0000174d   Thumb Code    44  printf8.o(i._printf_pre_padding)
    .data                                    0x20000000   Section        2  platinum.o(.data)
    .data                                    0x20000004   Section       20  sysinit.o(.data)
    .data                                    0x20000018   Section        4  retarget.o(.data)
    STACK                                    0x20000020   Section      256  startup_mkl03z4.o(STACK)

    Global Symbols

    Symbol Name                              Value     Ov Type        Size  Object(Section)

    BuildAttributes$$THM_ISAv3M$S$PE$A:L22$X:L11$S22$IEEE1$IW$USESV6$~STKCKD$USESV7$~SHL$OSPACE$ROPI$EBA8$MICROLIB$REQ8$PRES8$EABIv2 0x00000000   Number         0  anon$$obj.o ABSOLUTE
    __ARM_use_no_argv                        0x00000000   Number         0  platinum.o ABSOLUTE
    __Vectors                                0x00000000   Data           4  startup_mkl03z4.o(RESET)
    __use_no_errno                           0x00000000   Number         0  useno.o ABSOLUTE
    __use_no_exception_handling              0x00000000   Number         0  useno.o ABSOLUTE
    __use_no_fp                              0x00000000   Number         0  useno.o ABSOLUTE
    __use_no_heap                            0x00000000   Number         0  useno.o ABSOLUTE
    __use_no_heap_region                     0x00000000   Number         0  useno.o ABSOLUTE
    __use_no_semihosting                     0x00000000   Number         0  useno.o ABSOLUTE
    __use_no_semihosting_swi                 0x00000000   Number         0  useno.o ABSOLUTE
    __use_no_signal_handling                 0x00000000   Number         0  useno.o ABSOLUTE
    _printf_a                                0x00000000   Number         0  stubs.o ABSOLUTE
    _printf_c                                0x00000000   Number         0  stubs.o ABSOLUTE
    _printf_charcount                        0x00000000   Number         0  stubs.o ABSOLUTE
    _printf_d                                0x00000000   Number         0  stubs.o ABSOLUTE
    _printf_e                                0x00000000   Number         0  stubs.o ABSOLUTE
    _printf_f                                0x00000000   Number         0  stubs.o ABSOLUTE
    _printf_flags                            0x00000000   Number         0  stubs.o ABSOLUTE
    _printf_fp_dec                           0x00000000   Number         0  stubs.o ABSOLUTE
    _printf_fp_hex                           0x00000000   Number         0  stubs.o ABSOLUTE
    _printf_g                                0x00000000   Number         0  stubs.o ABSOLUTE
    _printf_i                                0x00000000   Number         0  stubs.o ABSOLUTE
    _printf_int_dec                          0x00000000   Number         0  stubs.o ABSOLUTE
    _printf_l                                0x00000000   Number         0  stubs.o ABSOLUTE
    _printf_lc                               0x00000000   Number         0  stubs.o ABSOLUTE
    _printf_ll                               0x00000000   Number         0  stubs.o ABSOLUTE
    _printf_lld                              0x00000000   Number         0  stubs.o ABSOLUTE
    _printf_lli                              0x00000000   Number         0  stubs.o ABSOLUTE
    _printf_llo                              0x00000000   Number         0  stubs.o ABSOLUTE
    _printf_llu                              0x00000000   Number         0  stubs.o ABSOLUTE
    _printf_llx                              0x00000000   Number         0  stubs.o ABSOLUTE
    _printf_longlong_dec                     0x00000000   Number         0  stubs.o ABSOLUTE
    _printf_longlong_hex                     0x00000000   Number         0  stubs.o ABSOLUTE
    _printf_longlong_oct                     0x00000000   Number         0  stubs.o ABSOLUTE
    _printf_ls                               0x00000000   Number         0  stubs.o ABSOLUTE
    _printf_mbtowc                           0x00000000   Number         0  stubs.o ABSOLUTE
    _printf_n                                0x00000000   Number         0  stubs.o ABSOLUTE
    _printf_o                                0x00000000   Number         0  stubs.o ABSOLUTE
    _printf_p                                0x00000000   Number         0  stubs.o ABSOLUTE
    _printf_percent                          0x00000000   Number         0  stubs.o ABSOLUTE
    _printf_pre_padding                      0x00000000   Number         0  stubs.o ABSOLUTE
    _printf_return_value                     0x00000000   Number         0  stubs.o ABSOLUTE
    _printf_s                                0x00000000   Number         0  stubs.o ABSOLUTE
    _printf_sizespec                         0x00000000   Number         0  stubs.o ABSOLUTE
    _printf_str                              0x00000000   Number         0  stubs.o ABSOLUTE
    _printf_truncate_signed                  0x00000000   Number         0  stubs.o ABSOLUTE
    _printf_truncate_unsigned                0x00000000   Number         0  stubs.o ABSOLUTE
    _printf_u                                0x00000000   Number         0  stubs.o ABSOLUTE
    _printf_wc                               0x00000000   Number         0  stubs.o ABSOLUTE
    _printf_wctomb                           0x00000000   Number         0  stubs.o ABSOLUTE
    _printf_widthprec                        0x00000000   Number         0  stubs.o ABSOLUTE
    _printf_x                                0x00000000   Number         0  stubs.o ABSOLUTE
    HEAP$$Base                                - Undefined Reference
    HEAP$$Limit                               - Undefined Reference
    __cpp_initialize__aeabi_                  - Undefined Weak Reference
    __cxa_finalize                            - Undefined Weak Reference
    __decompress                              - Undefined Weak Reference
    _clock_init                               - Undefined Weak Reference
    _microlib_exit                            - Undefined Weak Reference
    __Vectors_End                            0x000000c0   Data           0  startup_mkl03z4.o(RESET)
    __Vectors_Size                           0x000000c0   Number         0  startup_mkl03z4.o ABSOLUTE
    __main                                   0x000000c1   Thumb Code     0  entry.o(.ARM.Collect$$$$00000000)
    _main_stk                                0x000000c1   Thumb Code     0  entry2.o(.ARM.Collect$$$$00000001)
    _main_scatterload                        0x000000c5   Thumb Code     0  entry5.o(.ARM.Collect$$$$00000004)
    __main_after_scatterload                 0x000000c9   Thumb Code     0  entry5.o(.ARM.Collect$$$$00000004)
    _main_clock                              0x000000c9   Thumb Code     0  entry7b.o(.ARM.Collect$$$$00000008)
    _main_cpp_init                           0x000000c9   Thumb Code     0  entry8b.o(.ARM.Collect$$$$0000000A)
    _main_init                               0x000000c9   Thumb Code     0  entry9a.o(.ARM.Collect$$$$0000000B)
    __rt_final_cpp                           0x000000d1   Thumb Code     0  entry10a.o(.ARM.Collect$$$$0000000D)
    __rt_final_exit                          0x000000d1   Thumb Code     0  entry11a.o(.ARM.Collect$$$$0000000F)
    TPM_init                                 0x000000d5   Thumb Code    64  platinum.o(.text)
    SPI0_init                                0x00000115   Thumb Code    96  platinum.o(.text)
    main                                     0x00000175   Thumb Code   224  platinum.o(.text)
    PORTB_IRQHandler                         0x00000255   Thumb Code    28  platinum.o(.text)
    SysTick_Handler                          0x00000271   Thumb Code    12  platinum.o(.text)
    LPUART0_IRQHandler                       0x0000027d   Thumb Code    40  platinum.o(.text)
    LPTMR0_IRQHandler                        0x000002a5   Thumb Code    18  platinum.o(.text)
    TPM0_IRQHandler                          0x000002b7   Thumb Code    26  platinum.o(.text)
    init_data_bss                            0x0000030d   Thumb Code     2  startup_mkl03z4.o(.text)
    Reset_Handler                            0x0000030f   Thumb Code    12  startup_mkl03z4.o(.text)
    NMI_Handler                              0x0000031b   Thumb Code     2  startup_mkl03z4.o(.text)
    HardFault_Handler                        0x0000031d   Thumb Code     2  startup_mkl03z4.o(.text)
    SVC_Handler                              0x0000031f   Thumb Code     2  startup_mkl03z4.o(.text)
    PendSV_Handler                           0x00000321   Thumb Code     2  startup_mkl03z4.o(.text)
    ADC0_IRQHandler                          0x00000325   Thumb Code     0  startup_mkl03z4.o(.text)
    CMP0_IRQHandler                          0x00000325   Thumb Code     0  startup_mkl03z4.o(.text)
    DefaultISR                               0x00000325   Thumb Code     0  startup_mkl03z4.o(.text)
    FTFA_IRQHandler                          0x00000325   Thumb Code     0  startup_mkl03z4.o(.text)
    I2C0_IRQHandler                          0x00000325   Thumb Code     0  startup_mkl03z4.o(.text)
    LLWU_IRQHandler                          0x00000325   Thumb Code     0  startup_mkl03z4.o(.text)
    PMC_IRQHandler                           0x00000325   Thumb Code     0  startup_mkl03z4.o(.text)
    PORTA_IRQHandler                         0x00000325   Thumb Code     0  startup_mkl03z4.o(.text)
    RTC_IRQHandler                           0x00000325   Thumb Code     0  startup_mkl03z4.o(.text)
    RTC_Seconds_IRQHandler                   0x00000325   Thumb Code     0  startup_mkl03z4.o(.text)
    Reserved16_IRQHandler                    0x00000325   Thumb Code     0  startup_mkl03z4.o(.text)
    Reserved17_IRQHandler                    0x00000325   Thumb Code     0  startup_mkl03z4.o(.text)
    Reserved18_IRQHandler                    0x00000325   Thumb Code     0  startup_mkl03z4.o(.text)
    Reserved19_IRQHandler                    0x00000325   Thumb Code     0  startup_mkl03z4.o(.text)
    Reserved20_IRQHandler                    0x00000325   Thumb Code     0  startup_mkl03z4.o(.text)
    Reserved25_IRQHandler                    0x00000325   Thumb Code     0  startup_mkl03z4.o(.text)
    Reserved27_IRQHandler                    0x00000325   Thumb Code     0  startup_mkl03z4.o(.text)
    Reserved29_IRQHandler                    0x00000325   Thumb Code     0  startup_mkl03z4.o(.text)
    Reserved30_IRQHandler                    0x00000325   Thumb Code     0  startup_mkl03z4.o(.text)
    Reserved35_IRQHandler                    0x00000325   Thumb Code     0  startup_mkl03z4.o(.text)
    Reserved38_IRQHandler                    0x00000325   Thumb Code     0  startup_mkl03z4.o(.text)
    Reserved39_IRQHandler                    0x00000325   Thumb Code     0  startup_mkl03z4.o(.text)
    Reserved40_IRQHandler                    0x00000325   Thumb Code     0  startup_mkl03z4.o(.text)
    Reserved41_IRQHandler                    0x00000325   Thumb Code     0  startup_mkl03z4.o(.text)
    Reserved42_IRQHandler                    0x00000325   Thumb Code     0  startup_mkl03z4.o(.text)
    Reserved43_IRQHandler                    0x00000325   Thumb Code     0  startup_mkl03z4.o(.text)
    Reserved45_IRQHandler                    0x00000325   Thumb Code     0  startup_mkl03z4.o(.text)
    SPI0_IRQHandler                          0x00000325   Thumb Code     0  startup_mkl03z4.o(.text)
    TPM1_IRQHandler                          0x00000325   Thumb Code     0  startup_mkl03z4.o(.text)
    in_char                                  0x00000335   Thumb Code    10  io.o(.text)
    out_char                                 0x0000033f   Thumb Code    12  io.o(.text)
    char_present                             0x0000034b   Thumb Code    10  io.o(.text)
    sysinit                                  0x00000359   Thumb Code   134  sysinit.o(.text)
    __scatterload_null                       0x000003fd   Thumb Code     2  handlers.o(i.__scatterload_null)
    cpu_identify                             0x00000411   Thumb Code   318  start.o(.text)
    start                                    0x0000054f   Thumb Code    22  start.o(.text)
    SystemInit                               0x00000565   Thumb Code     2  start.o(.text)
    flash_identify                           0x00000567   Thumb Code  1012  start.o(.text)
    stop                                     0x0000095d   Thumb Code    14  arm_cm0.o(.text)
    wait                                     0x0000096b   Thumb Code    14  arm_cm0.o(.text)
    write_vtor                               0x00000979   Thumb Code     6  arm_cm0.o(.text)
    enable_irq                               0x0000097f   Thumb Code    48  arm_cm0.o(.text)
    disable_irq                              0x000009af   Thumb Code    38  arm_cm0.o(.text)
    set_irq_priority                         0x000009d5   Thumb Code    54  arm_cm0.o(.text)
    uart0_init                               0x00000b0d   Thumb Code    68  uart.o(.text)
    uart0_getchar                            0x00000b51   Thumb Code    12  uart.o(.text)
    uart0_putchar                            0x00000b5d   Thumb Code    10  uart.o(.text)
    uart0_getchar_present                    0x00000b67   Thumb Code    10  uart.o(.text)
    outSRS                                   0x00000b79   Thumb Code   270  rcm.o(.text)
    fputc                                    0x00000ead   Thumb Code    22  retarget.o(.text)
    fgetc                                    0x00000ec3   Thumb Code     8  retarget.o(.text)
    ferror                                   0x00000ecb   Thumb Code     6  retarget.o(.text)
    _ttywrch                                 0x00000ed1   Thumb Code     8  retarget.o(.text)
    _sys_exit                                0x00000ed9   Thumb Code     2  retarget.o(.text)
    SER_PutChar                              0x00000edd   Thumb Code    16  serial.o(.text)
    SER_GetChar                              0x00000eed   Thumb Code    10  serial.o(.text)
    MCG_HIRC48                               0x00000efd   Thumb Code    44  mcg_lite.o(.text)
    time_delay_ms                            0x00000f35   Thumb Code    44  lptmr.o(.text)
    lptmr_init                               0x00000f61   Thumb Code    58  lptmr.o(.text)
    hal_dev_mma8451_init                     0x00000fa5   Thumb Code    10  hal_dev_mma8451.o(.text)
    hal_dev_mma8451_read_reg                 0x00000faf   Thumb Code   160  hal_dev_mma8451.o(.text)
    hal_dev_mma8451_write_reg                0x0000104f   Thumb Code   106  hal_dev_mma8451.o(.text)
    i2c_set_tx_mode                          0x000010c9   Thumb Code    10  hal_i2c.o(.text)
    i2c_set_rx_mode                          0x000010d3   Thumb Code    10  hal_i2c.o(.text)
    i2c_set_slave_mode                       0x000010dd   Thumb Code    10  hal_i2c.o(.text)
    i2c_set_master_mode                      0x000010e7   Thumb Code    10  hal_i2c.o(.text)
    i2c_give_nack                            0x000010f1   Thumb Code    10  hal_i2c.o(.text)
    i2c_give_ack                             0x000010fb   Thumb Code    10  hal_i2c.o(.text)
    i2c_repeated_start                       0x00001105   Thumb Code    10  hal_i2c.o(.text)
    i2c_write_byte                           0x0000110f   Thumb Code     4  hal_i2c.o(.text)
    i2c_read_byte                            0x00001113   Thumb Code     4  hal_i2c.o(.text)
    i2c_start                                0x00001117   Thumb Code    16  hal_i2c.o(.text)
    i2c_stop                                 0x00001127   Thumb Code    16  hal_i2c.o(.text)
    i2c_wait                                 0x00001137   Thumb Code    16  hal_i2c.o(.text)
    i2c_get_ack                              0x00001147   Thumb Code    14  hal_i2c.o(.text)
    hal_i2c_init                             0x00001155   Thumb Code    30  hal_i2c.o(.text)
    hal_i2c_deinit                           0x00001173   Thumb Code    16  hal_i2c.o(.text)
    __aeabi_uidiv                            0x00001191   Thumb Code     0  uidiv.o(.text)
    __aeabi_uidivmod                         0x00001191   Thumb Code    44  uidiv.o(.text)
    __aeabi_idiv                             0x000011bd   Thumb Code     0  idiv.o(.text)
    __aeabi_idivmod                          0x000011bd   Thumb Code    40  idiv.o(.text)
    __aeabi_uldivmod                         0x000011e5   Thumb Code    96  uldiv.o(.text)
    __scatterload                            0x00001245   Thumb Code    28  init.o(.text)
    __scatterload_rt2                        0x00001245   Thumb Code     0  init.o(.text)
    __aeabi_llsl                             0x00001269   Thumb Code    32  llshl.o(.text)
    _ll_shift_l                              0x00001269   Thumb Code     0  llshl.o(.text)
    __aeabi_llsr                             0x00001289   Thumb Code    34  llushr.o(.text)
    _ll_ushift_r                             0x00001289   Thumb Code     0  llushr.o(.text)
    __0printf$8                              0x000012ad   Thumb Code    24  printf8.o(i.__0printf$8)
    __1printf$8                              0x000012ad   Thumb Code     0  printf8.o(i.__0printf$8)
    __2printf                                0x000012ad   Thumb Code     0  printf8.o(i.__0printf$8)
    __ARM_common_switch8                     0x000012cd   Thumb Code    26  start.o(i.__ARM_common_switch8)
    __scatterload_copy                       0x000012e7   Thumb Code    14  handlers.o(i.__scatterload_copy)
    __scatterload_zeroinit                   0x000012f5   Thumb Code    14  handlers.o(i.__scatterload_zeroinit)
    Region$$Table$$Base                      0x00001778   Number         0  anon$$obj.o(Region$$Table)
    Region$$Table$$Limit                     0x00001798   Number         0  anon$$obj.o(Region$$Table)
    data                                     0x20000000   Data           1  platinum.o(.data)
    flag_500ms                               0x20000001   Data           1  platinum.o(.data)
    mcg_clk_hz                               0x20000004   Data           4  sysinit.o(.data)
    mcg_clk_khz                              0x20000008   Data           4  sysinit.o(.data)
    core_clk_khz                             0x2000000c   Data           4  sysinit.o(.data)
    periph_clk_khz                           0x20000010   Data           4  sysinit.o(.data)
    uart0_clk_khz                            0x20000014   Data           4  sysinit.o(.data)
    __stdout                                 0x20000018   Data           4  retarget.o(.data)
    __initial_sp                             0x20000120   Data           0  startup_mkl03z4.o(STACK)



==============================================================================

Memory Map of the image

  Image Entry point : 0x000000c1

  Load Region LR_IROM1 (Base: 0x00000000, Size: 0x000017b4, Max: 0x00008000, ABSOLUTE)

    Execution Region ER_IROM1 (Base: 0x00000000, Size: 0x00001798, Max: 0x00008000, ABSOLUTE)

    Base Addr    Size         Type   Attr      Idx    E Section Name        Object

    0x00000000   0x000000c0   Data   RO           67    RESET               startup_mkl03z4.o
    0x000000c0   0x00000000   Code   RO          378  * .ARM.Collect$$$$00000000  mc_p.l(entry.o)
    0x000000c0   0x00000004   Code   RO          646    .ARM.Collect$$$$00000001  mc_p.l(entry2.o)
    0x000000c4   0x00000004   Code   RO          649    .ARM.Collect$$$$00000004  mc_p.l(entry5.o)
    0x000000c8   0x00000000   Code   RO          651    .ARM.Collect$$$$00000008  mc_p.l(entry7b.o)
    0x000000c8   0x00000000   Code   RO          653    .ARM.Collect$$$$0000000A  mc_p.l(entry8b.o)
    0x000000c8   0x00000008   Code   RO          654    .ARM.Collect$$$$0000000B  mc_p.l(entry9a.o)
    0x000000d0   0x00000000   Code   RO          656    .ARM.Collect$$$$0000000D  mc_p.l(entry10a.o)
    0x000000d0   0x00000000   Code   RO          658    .ARM.Collect$$$$0000000F  mc_p.l(entry11a.o)
    0x000000d0   0x00000004   Code   RO          647    .ARM.Collect$$$$00002712  mc_p.l(entry2.o)
    0x000000d4   0x00000238   Code   RO            1    .text               platinum.o
    0x0000030c   0x00000028   Code   RO           69    .text               startup_mkl03z4.o
    0x00000334   0x00000024   Code   RO          127    .text               io.o
    0x00000358   0x000000a4   Code   RO          217    .text               sysinit.o
    0x000003fc   0x00000002   Code   RO          688    i.__scatterload_null  mc_p.l(handlers.o)
    0x000003fe   0x00000002   PAD
    0x00000400   0x00000010   Code   RO           68    .ARM.__at_0x400     startup_mkl03z4.o
    0x00000410   0x0000054a   Code   RO          194    .text               start.o
    0x0000095a   0x00000002   PAD
    0x0000095c   0x000001b0   Code   RO          233    .text               arm_cm0.o
    0x00000b0c   0x0000006c   Code   RO          245    .text               uart.o
    0x00000b78   0x00000334   Code   RO          257    .text               rcm.o
    0x00000eac   0x0000002e   Code   RO          269    .text               retarget.o
    0x00000eda   0x00000002   PAD
    0x00000edc   0x00000020   Code   RO          298    .text               serial.o
    0x00000efc   0x00000038   Code   RO          313    .text               mcg_lite.o
    0x00000f34   0x00000070   Code   RO          325    .text               lptmr.o
    0x00000fa4   0x00000124   Code   RO          338    .text               hal_dev_mma8451.o
    0x000010c8   0x000000c8   Code   RO          353    .text               hal_i2c.o
    0x00001190   0x0000002c   Code   RO          381    .text               mc_p.l(uidiv.o)
    0x000011bc   0x00000028   Code   RO          383    .text               mc_p.l(idiv.o)
    0x000011e4   0x00000060   Code   RO          660    .text               mc_p.l(uldiv.o)
    0x00001244   0x00000024   Code   RO          673    .text               mc_p.l(init.o)
    0x00001268   0x00000020   Code   RO          675    .text               mc_p.l(llshl.o)
    0x00001288   0x00000022   Code   RO          677    .text               mc_p.l(llushr.o)
    0x000012aa   0x00000002   PAD
    0x000012ac   0x00000020   Code   RO          592    i.__0printf$8       mc_p.l(printf8.o)
    0x000012cc   0x0000001a   Code   RO          203    i.__ARM_common_switch8  start.o
    0x000012e6   0x0000000e   Code   RO          687    i.__scatterload_copy  mc_p.l(handlers.o)
    0x000012f4   0x0000000e   Code   RO          689    i.__scatterload_zeroinit  mc_p.l(handlers.o)
    0x00001302   0x00000002   PAD
    0x00001304   0x00000428   Code   RO          599    i._printf_core      mc_p.l(printf8.o)
    0x0000172c   0x00000020   Code   RO          600    i._printf_post_padding  mc_p.l(printf8.o)
    0x0000174c   0x0000002c   Code   RO          601    i._printf_pre_padding  mc_p.l(printf8.o)
    0x00001778   0x00000020   Data   RO          685    Region$$Table       anon$$obj.o


    Execution Region RW_IRAM1 (Base: 0x1ffffe00, Size: 0x00000000, Max: 0x00000200, ABSOLUTE)

    **** No section assigned to this execution region ****


    Execution Region RW_IRAM2 (Base: 0x20000000, Size: 0x00000120, Max: 0x00000600, ABSOLUTE)

    Base Addr    Size         Type   Attr      Idx    E Section Name        Object

    0x20000000   0x00000002   Data   RW            2    .data               platinum.o
    0x20000002   0x00000002   PAD
    0x20000004   0x00000014   Data   RW          218    .data               sysinit.o
    0x20000018   0x00000004   Data   RW          270    .data               retarget.o
    0x2000001c   0x00000004   PAD
    0x20000020   0x00000100   Zero   RW           65    STACK               startup_mkl03z4.o


==============================================================================

Image component sizes


      Code (inc. data)   RO Data    RW Data    ZI Data      Debug   Object Name

       432        258          0          0          0       1719   arm_cm0.o
       292          4          0          0          0       1770   hal_dev_mma8451.o
       200         14          0          0          0       2918   hal_i2c.o
        36          4          0          0          0        760   io.o
       112         10          0          0          0        795   lptmr.o
        56         12          0          0          0        601   mcg_lite.o
       568         60          0          2          0     109423   platinum.o
       820        550          0          0          0        669   rcm.o
        46          0          0          4          0       2950   retarget.o
        32          6          0          0          0        686   serial.o
      1380        996          0          0          0       1721   start.o
        56         30        192          0        256        952   startup_mkl03z4.o
       164         30          0         20          0       1029   sysinit.o
       108          8          0          0          0       1275   uart.o

    ----------------------------------------------------------------------
      4306       1982        224         28        260     127268   Object Totals
         0          0         32          0          0          0   (incl. Generated)
         4          0          0          2          4          0   (incl. Padding)

    ----------------------------------------------------------------------

      Code (inc. data)   RO Data    RW Data    ZI Data      Debug   Library Member Name

         0          0          0          0          0          0   entry.o
         0          0          0          0          0          0   entry10a.o
         0          0          0          0          0          0   entry11a.o
         8          4          0          0          0          0   entry2.o
         4          0          0          0          0          0   entry5.o
         0          0          0          0          0          0   entry7b.o
         0          0          0          0          0          0   entry8b.o
         8          4          0          0          0          0   entry9a.o
        30          0          0          0          0          0   handlers.o
        40          0          0          0          0         72   idiv.o
        36          8          0          0          0         68   init.o
        32          0          0          0          0         68   llshl.o
        34          0          0          0          0         68   llushr.o
      1172         52          0          0          0        324   printf8.o
        44          0          0          0          0         72   uidiv.o
        96          0          0          0          0         84   uldiv.o

    ----------------------------------------------------------------------
      1510         68          0          0          0        756   Library Totals
         6          0          0          0          0          0   (incl. Padding)

    ----------------------------------------------------------------------

      Code (inc. data)   RO Data    RW Data    ZI Data      Debug   Library Name

      1504         68          0          0          0        756   mc_p.l

    ----------------------------------------------------------------------
      1510         68          0          0          0        756   Library Totals

    ----------------------------------------------------------------------

==============================================================================


      Code (inc. data)   RO Data    RW Data    ZI Data      Debug   

      5816       2050        224         28        260     126812   Grand Totals
      5816       2050        224         28        260     126812   ELF Image Totals
      5816       2050        224         28          0          0   ROM Totals

==============================================================================

    Total RO  Size (Code + RO Data)                 6040 (   5.90kB)
    Total RW  Size (RW Data + ZI Data)               288 (   0.28kB)
    Total ROM Size (Code + RO Data + RW Data)       6068 (   5.93kB)

==============================================================================

